// 重构日志: dd0435bc
// 重构日志: 5a27a0ec
// 同步 ID: 163270cc @ Sun Jul 19 07:11:53 UTC 2026
// 重构日志: da1ca96b
// 重构日志: d3aa56f8
// 重构日志: 3d3fddb3
// 重构日志: f46846e9
// 重构日志: 08f523ba
// 重构日志: 8d5564e8
// 重构日志: fd55c842
// 同步 ID: 642e7d33 @ Tue Jul 21 14:43:56 UTC 2026
// 同步 ID: ead076f5 @ Thu Jul 23 01:09:59 UTC 2026
// 同步 ID: e7778ccb @ Thu Jul 23 07:31:03 UTC 2026
// 同步 ID: a07f8119 @ Thu Jul 23 10:33:16 UTC 2026
// 同步 ID: bad22694 @ Thu Jul 23 12:08:31 UTC 2026
// 重构日志: 0a6acc53
// 重构日志: 900014de
// 同步 ID: 9a7fe496 @ Fri Jul 24 07:14:53 UTC 2026
// 同步 ID: 472cd3d9 @ Fri Jul 24 18:23:13 UTC 2026
// 同步 ID: e853a5d8 @ Sat Jul 25 07:17:42 UTC 2026
// 重构日志: 06cf796e
// 重构日志: 1fa44815
// 重构日志: 3b2d407f
// 重构日志: c2f0b1ed
// 同步 ID: 0e6b0dc1 @ Sun Jul 26 23:21:00 UTC 2026
// 重构日志: feb40490
// 同步 ID: 03b08777 @ Tue Jul 28 19:14:45 UTC 2026
// 重构日志: a6d26325
// 重构日志: eae24881
// 同步 ID: 9ae9ce6d @ Wed Jul 29 22:23:09 UTC 2026
